// Jest Snapshot v1, https://goo.gl/fbAQLP

exports[`Display Contact Selected Screen Renders Correctly renders correctly 1`] = `
<View
  style={
    Object {
      "alignContent": "center",
      "alignItems": "center",
      "justifyContent": "center",
      "padding": 10,
    }
  }
>
  <View
    style={
      Object {
        "flex": 1,
      }
    }
  >
    <View
      style={
        Object {
          "alignItems": "center",
          "backgroundColor": "white",
          "borderRadius": 10,
          "elevation": 15,
          "justifyContent": "center",
          "marginVertical": 100,
          "maxWidth": "80%",
          "padding": 90,
          "paddingLeft": 130,
          "shadowColor": "black",
          "shadowOffset": Object {
            "height": 2,
            "width": 0,
          },
          "shadowOpacity": 0.26,
          "shadowRadius": 6,
          "textAlign": "center",
          "width": "80%",
        }
      }
    />
  </View>
  <View
    style={
      Object {
        "marginTop": 350,
        "padding": 10,
        "width": 250,
      }
    }
  >
    <View
      accessibilityRole="button"
      accessibilityState={Object {}}
      accessible={true}
      focusable={false}
      onClick={[Function]}
      onResponderGrant={[Function]}
      onResponderMove={[Function]}
      onResponderRelease={[Function]}
      onResponderTerminate={[Function]}
      onResponderTerminationRequest={[Function]}
      onStartShouldSetResponder={[Function]}
      style={
        Object {
          "opacity": 1,
        }
      }
    >
      <View
        style={
          Array [
            Object {},
          ]
        }
      >
        <Text
          style={
            Array [
              Object {
                "color": "#007AFF",
                "fontSize": 18,
                "margin": 8,
                "textAlign": "center",
              },
            ]
          }
        >
          BACK TO HOME PAGE
        </Text>
      </View>
    </View>
  </View>
</View>
`;
