// Jest Snapshot v1, https://goo.gl/fbAQLP

exports[`Open Contacts Main Screen Renders Correctly renders correctly 1`] = `
<View
  style={
    Object {
      "flex": 1,
      "padding": 50,
      "paddingTop": 1,
    }
  }
>
  <View
    style={
      Object {
        "alignItems": "center",
        "backgroundColor": "white",
        "borderRadius": 50,
        "elevation": 15,
        "flexDirection": "row",
        "height": 200,
        "justifyContent": "center",
        "marginTop": 100,
        "padding": 20,
        "shadowColor": "black",
        "shadowOffset": Object {
          "height": 2,
          "width": 0,
        },
        "shadowOpacity": 0.26,
        "shadowRadius": 20,
        "width": "100%",
      }
    }
  >
    <View
      accessibilityRole="button"
      accessibilityState={Object {}}
      accessible={true}
      focusable={true}
      onClick={[Function]}
      onResponderGrant={[Function]}
      onResponderMove={[Function]}
      onResponderRelease={[Function]}
      onResponderTerminate={[Function]}
      onResponderTerminationRequest={[Function]}
      onStartShouldSetResponder={[Function]}
      style={
        Object {
          "opacity": 1,
        }
      }
    >
      <View
        style={
          Array [
            Object {},
          ]
        }
      >
        <Text
          style={
            Array [
              Object {
                "color": "#007AFF",
                "fontSize": 18,
                "margin": 8,
                "textAlign": "center",
              },
            ]
          }
        >
          OPEN PHONE CONTACTS
        </Text>
      </View>
    </View>
  </View>
</View>
`;
